---
source: crates/rattler_installs_packages/src/artifacts/wheel.rs
expression: record_content
---
../../../selenium/webdriver/firefox/amd64/x_ignore_nofocus.so,sha256=_rACRCJ5PFRrxrHwxMVQbUncne826HyeKoOLdbsltb8,41262
../../../selenium/webdriver/firefox/x86/x_ignore_nofocus.so,sha256=sGarS2BVGdLrA7BwlEgcwCmXnDCW7fMmLGTaAoyq_tk,30887
selenium-2.53.2.dist-info/DESCRIPTION.rst,sha256=HVLMWELMiZ0Tr7I7ZN91GQHEHmmk7h4zA98fEADK2xI,4131
selenium-2.53.2.dist-info/INSTALLER,sha256=FpzDrzfcP6oI1mbsvYAjw7hT2I4P4wr99k5NKqmKJt0,10
selenium-2.53.2.dist-info/METADATA,sha256=cy1uq1JhbVnd0UF2hY6n80_84YdW8SZhbLCmqCaEEUk,5051
selenium-2.53.2.dist-info/RECORD,,
selenium-2.53.2.dist-info/WHEEL,sha256=GrqQvamwgBV4nLoJe0vhYRSWzWsx7xjlt74FT0SWYfE,110
selenium-2.53.2.dist-info/metadata.json,sha256=hSiAQcBo1tX1uKMdO8SYtfN0yiLspXQqoiXNplc6TP0,902
selenium-2.53.2.dist-info/pbr.json,sha256=smAJldeDodnbYvvfRteBlqNyVDBq6vMi_VGUl0ylZc4,47
selenium-2.53.2.dist-info/top_level.txt,sha256=h_bHiVqSBt4ebSallLryIo7BkFqIehRmrWlnccPYc5M,9
selenium/__init__.py,sha256=ghmJx577cux2HK52E3SAqUv4ctWwx7dTd_V6CCkniMc,843
selenium/common/__init__.py,sha256=eP31m5U191kqhPLuIdYz7hTVQ1qk55xUZoVaxD2KWXU,813
selenium/common/exceptions.py,sha256=pR8OufhCovCmIxvkPCcccOl61_va2qFfUS7Em1h0zg0,7092
selenium/selenium.py,sha256=y8OJUhE5Xjilh8PJI2NYmGRlsumrpoCK9P7LHIMD1Gg,78136
selenium/webdriver/__init__.py,sha256=9TT3LKyAamwdjIctzCFfxj2p6Fd6-ASVkZAakbn6UB4,1608
selenium/webdriver/android/__init__.py,sha256=fxiwvvzPbdOTSmLmVMKXDEhOTJnIqSzjumH6TMWpPA4,788
selenium/webdriver/android/webdriver.py,sha256=4rGYJWn6DrUzAA7PzjD-qiOrE1cWGMr_mwvbanNUm6o,1736
selenium/webdriver/blackberry/__init__.py,sha256=3TKaBBK08eiCsGGFFcZlZwwjHHcmj2YO0xImghpJk38,787
selenium/webdriver/blackberry/webdriver.py,sha256=fjk8zZibzKvS-sYkLN2gA788BJXvkGbhVgDvtKqUSjs,4838
selenium/webdriver/chrome/__init__.py,sha256=3TKaBBK08eiCsGGFFcZlZwwjHHcmj2YO0xImghpJk38,787
selenium/webdriver/chrome/options.py,sha256=C6N5Ex4fbKp5AgfvfRzM6O5gxioRrO8MtccUOMDYrrk,5289
selenium/webdriver/chrome/remote_connection.py,sha256=3HRI58BdChfRZa4tkbbtnKwwZaC-FGTbBTkXDUd2o3o,1146
selenium/webdriver/chrome/service.py,sha256=te5U-4hn3NPSI5YGGINhiz6fZpmAv_yVtJgc2Rpxztk,1813
selenium/webdriver/chrome/webdriver.py,sha256=QD55oGKSD6sQ7yHyHruvQDWlPuduG4NMujiMKEAZRSE,3633
selenium/webdriver/common/__init__.py,sha256=3TKaBBK08eiCsGGFFcZlZwwjHHcmj2YO0xImghpJk38,787
selenium/webdriver/common/action_chains.py,sha256=oD6w1CO23efmIghQsZwIazq0myu1mAykLMh4RGnB5dw,9468
selenium/webdriver/common/alert.py,sha256=jB-QUqn5ctUQf5dYUYGTkbhcTsRu6BO6mbf21uMouXo,3055
selenium/webdriver/common/by.py,sha256=rWz8drfgik8buK6ll15R4s5z8lCT97zlezS_aTAHMns,1275
selenium/webdriver/common/desired_capabilities.py,sha256=r-EvmC3ho0r-Ys0HRpQ2SIibo53Ut_lnmMry6RHzFn8,3499
selenium/webdriver/common/html5/__init__.py,sha256=3TKaBBK08eiCsGGFFcZlZwwjHHcmj2YO0xImghpJk38,787
selenium/webdriver/common/html5/application_cache.py,sha256=V0Dsu2zFJn-_VViA3b7VFqh00gnVClp5xhESAWTEkDA,1449
selenium/webdriver/common/keys.py,sha256=8ewUa7Yme7IiQ1vERFqcH3x12O6bHftGhdgKouAYlMY,2748
selenium/webdriver/common/proxy.py,sha256=3VRcDZDEa4m5rE7AeP8M_C6YQIWI8GgzEyOZfmn1Txg,10352
selenium/webdriver/common/service.py,sha256=TMApi0I0xcqX3gS82vpI9kQ7dtAZ5aSGaF5vJguoZsg,5047
selenium/webdriver/common/touch_actions.py,sha256=QXF4vv1z5_sUPYio9dk8Ju7wKX8ZGKYI3imT5vMPWus,5966
selenium/webdriver/common/utils.py,sha256=HyfATgHFQKKVW41m7wpo86P_RuJHi49y_xCiEjb_A-k,2658
selenium/webdriver/edge/__init__.py,sha256=3TKaBBK08eiCsGGFFcZlZwwjHHcmj2YO0xImghpJk38,787
selenium/webdriver/edge/options.py,sha256=GEEGUZBxenzEATUAL6nLAVnW8t2J1dxi-T0AfHKWVag,1620
selenium/webdriver/edge/service.py,sha256=X0hlL1yrvjTRUUTWpir6U_BHQjlDGM8tkKnTQoTJnXk,1244
selenium/webdriver/edge/webdriver.py,sha256=wDNLYabYLG5G2wyAGNbiXCLSGNl8LYGigWlPdurHx6M,1888
selenium/webdriver/firefox/__init__.py,sha256=3TKaBBK08eiCsGGFFcZlZwwjHHcmj2YO0xImghpJk38,787
selenium/webdriver/firefox/amd64/x_ignore_nofocus.so,sha256=_rACRCJ5PFRrxrHwxMVQbUncne826HyeKoOLdbsltb8,41262
selenium/webdriver/firefox/extension_connection.py,sha256=ofYElvzQFa1x9Gtk1GfL7Hp3Dslxi27XbYVVSgYR9bY,2895
selenium/webdriver/firefox/firefox_binary.py,sha256=DuiNN4-R8TAOt_uCG9oUAAW771nf8shI2gqj_HCVDuU,8480
selenium/webdriver/firefox/firefox_profile.py,sha256=EB5-dV-3QpikZed3DEY7iz0yA0_Tx6htTlIl0WteUWA,14703
selenium/webdriver/firefox/options.py,sha256=bSyxf1b6n4btU3lA5Gnj_Y126rF2wxOXo-AGFMJrexs,3151
selenium/webdriver/firefox/remote_connection.py,sha256=zVDO_eGuSkQe4hCFmoT6gZ52gxLLPIsLw30kwFsWDhM,1145
selenium/webdriver/firefox/service.py,sha256=KUFDcyZblsOMtTOA3EOYeC-ex45QgHaQyK_FfRZw21g,2439
selenium/webdriver/firefox/webdriver.py,sha256=i8dpw5JzP2swUlNd930MLXaUjVLE4lMhy4SvM9Yx89c,5044
selenium/webdriver/firefox/webdriver.xpi,sha256=TZpf5C2yCxh6dkcm9baLIO2FzutSFw8LZp2CEeHtgrc,701913
selenium/webdriver/firefox/webdriver_prefs.json,sha256=-6ptYzEPgymU5rx85L7Oh_w6mKMa07MEBGb9zeCLtNU,3232
selenium/webdriver/firefox/x86/x_ignore_nofocus.so,sha256=sGarS2BVGdLrA7BwlEgcwCmXnDCW7fMmLGTaAoyq_tk,30887
selenium/webdriver/ie/__init__.py,sha256=3TKaBBK08eiCsGGFFcZlZwwjHHcmj2YO0xImghpJk38,787
selenium/webdriver/ie/service.py,sha256=WTY0xIx9Fr0At-T4iIvtvU-MARGwdPKGXtBBamCMPes,2235
selenium/webdriver/ie/webdriver.py,sha256=xbGfOEzt9VddrXsW1j_uiSl4jMPBkK6mIARTuXA8tGo,2263
selenium/webdriver/opera/__init__.py,sha256=3TKaBBK08eiCsGGFFcZlZwwjHHcmj2YO0xImghpJk38,787
selenium/webdriver/opera/options.py,sha256=OsSRyB83teDEz39iH4VqbNPTYKW8IZ1wEgmzVwE9hsI,3385
selenium/webdriver/opera/webdriver.py,sha256=LKe8O2dpAS83TK6qH9pCx3Qj9iVIObilpG_5e_W-kCE,3352
selenium/webdriver/phantomjs/__init__.py,sha256=3TKaBBK08eiCsGGFFcZlZwwjHHcmj2YO0xImghpJk38,787
selenium/webdriver/phantomjs/service.py,sha256=cI8C0y-GRdFaOaLL5_EXmINNBZPi9Eph62r31K8kfqk,2584
selenium/webdriver/phantomjs/webdriver.py,sha256=G5lRATqVO_YTZfcskDbrtkVn3YzZySKnrZtR2JvpuN0,2985
selenium/webdriver/remote/__init__.py,sha256=3TKaBBK08eiCsGGFFcZlZwwjHHcmj2YO0xImghpJk38,787
selenium/webdriver/remote/command.py,sha256=-_jzAYNgtI1FHmsL9xO3zxp5tZRl-0OQZQHu81xpdko,5715
selenium/webdriver/remote/errorhandler.py,sha256=gqgMGnh2bkyqKdJfZ9Rwk9u6CUEsFjFBb0RGaE5t8UM,9012
selenium/webdriver/remote/file_detector.py,sha256=DiCExCuVcpO7RiB94yljzAzArEJvVLFNN-mMYtBgzFw,1645
selenium/webdriver/remote/mobile.py,sha256=YRt-eGY6ugdTWvoFMRP37tuDWjhXXgpwxYf5qEKopLM,2765
selenium/webdriver/remote/remote_connection.py,sha256=TolRHuzfSLu4Q239iac62owefVLJeOD4gQ8G0iaWlic,22045
selenium/webdriver/remote/switch_to.py,sha256=Q6fEMSgGV3UdVYZZ6YWypHWW58RqZdDW5pnUGvIT2AY,3014
selenium/webdriver/remote/utils.py,sha256=_N2fHG9M20Bq5Wxa5aYMerxBnO2p7rwvc0cQCivwtQs,3679
selenium/webdriver/remote/webdriver.py,sha256=PTRh-GqrMnx5O4fZivAz_OW2qgyFkjVFqLEhgseHmi4,31088
selenium/webdriver/remote/webelement.py,sha256=hBaz9ZLo9q1p5HFudetQ8FyNAFyxq5keTaw8BFFK94k,17793
selenium/webdriver/safari/__init__.py,sha256=3TKaBBK08eiCsGGFFcZlZwwjHHcmj2YO0xImghpJk38,787
selenium/webdriver/safari/service.py,sha256=EknOS_a-b4bC42HIrLlnMNQmKzwMM-PY63dl9YPv-OU,2879
selenium/webdriver/safari/webdriver.py,sha256=mbGu5iF1-TgqlqAOOLvY3MLwr5PJ-CTxriJKCnXIj7E,2802
selenium/webdriver/support/__init__.py,sha256=fxiwvvzPbdOTSmLmVMKXDEhOTJnIqSzjumH6TMWpPA4,788
selenium/webdriver/support/abstract_event_listener.py,sha256=LaSPureAqSrxfMuV6ol1iDkThVBbhgCwRpztFxQe0VU,1995
selenium/webdriver/support/color.py,sha256=jOTjmc8wGSOrecix7JDSOqNyrQCw6tSZdl9UykTbMgA,11399
selenium/webdriver/support/event_firing_webdriver.py,sha256=QF35iuMawuw0l224K2dsQLXfxjHUyzLzHyWgH8vYZQg,13011
selenium/webdriver/support/events.py,sha256=7xaiSKbEk-O7i8QaU325BpuKVm-tZ35iyTK87_nw-BQ,904
selenium/webdriver/support/expected_conditions.py,sha256=9uJmqOTiBrgQkEw6wDhKk6BzR13NrwP1VfObugIzKbE,9915
selenium/webdriver/support/select.py,sha256=gJfQJjAFqMWbjGWZ-ne7BsYruQO1UqhjwutWL29wkGs,9398
selenium/webdriver/support/ui.py,sha256=jhw5wvDZ8MrUy6zN5Db79ytP-bOpI3NDWRFJCT5fgKs,848
selenium/webdriver/support/wait.py,sha256=XQs-3mdmZVmgkM3EW1qBw5_BDv_zxIOXEWO0hgGZjGc,4070
